------------------------------------------------------------
Timing Analyzer Summary
------------------------------------------------------------

Type  : Slow 1200mV 85C Model Setup 'u0|altpll_0|sd1|pll7|clk[0]'
Slack : -3.111
TNS   : -89.898

Type  : Slow 1200mV 85C Model Setup 'curr_cnt[0]'
Slack : -1.538
TNS   : -16.599

Type  : Slow 1200mV 85C Model Hold 'curr_cnt[0]'
Slack : 0.453
TNS   : 0.000

Type  : Slow 1200mV 85C Model Hold 'u0|altpll_0|sd1|pll7|clk[0]'
Slack : 0.543
TNS   : 0.000

Type  : Slow 1200mV 85C Model Minimum Pulse Width 'curr_cnt[0]'
Slack : -1.487
TNS   : -20.818

Type  : Slow 1200mV 85C Model Minimum Pulse Width 'clk_in'
Slack : 9.934
TNS   : 0.000

Type  : Slow 1200mV 85C Model Minimum Pulse Width 'u0|altpll_0|sd1|pll7|clk[0]'
Slack : 99999.701
TNS   : 0.000

Type  : Slow 1200mV 0C Model Setup 'u0|altpll_0|sd1|pll7|clk[0]'
Slack : -2.587
TNS   : -77.803

Type  : Slow 1200mV 0C Model Setup 'curr_cnt[0]'
Slack : -1.374
TNS   : -14.604

Type  : Slow 1200mV 0C Model Hold 'curr_cnt[0]'
Slack : 0.401
TNS   : 0.000

Type  : Slow 1200mV 0C Model Hold 'u0|altpll_0|sd1|pll7|clk[0]'
Slack : 0.430
TNS   : 0.000

Type  : Slow 1200mV 0C Model Minimum Pulse Width 'curr_cnt[0]'
Slack : -1.487
TNS   : -20.818

Type  : Slow 1200mV 0C Model Minimum Pulse Width 'clk_in'
Slack : 9.943
TNS   : 0.000

Type  : Slow 1200mV 0C Model Minimum Pulse Width 'u0|altpll_0|sd1|pll7|clk[0]'
Slack : 99999.673
TNS   : 0.000

Type  : Fast 1200mV 0C Model Setup 'u0|altpll_0|sd1|pll7|clk[0]'
Slack : -1.322
TNS   : -33.595

Type  : Fast 1200mV 0C Model Setup 'curr_cnt[0]'
Slack : -0.081
TNS   : -0.230

Type  : Fast 1200mV 0C Model Hold 'curr_cnt[0]'
Slack : 0.186
TNS   : 0.000

Type  : Fast 1200mV 0C Model Hold 'u0|altpll_0|sd1|pll7|clk[0]'
Slack : 0.235
TNS   : 0.000

Type  : Fast 1200mV 0C Model Minimum Pulse Width 'curr_cnt[0]'
Slack : -1.000
TNS   : -14.000

Type  : Fast 1200mV 0C Model Minimum Pulse Width 'clk_in'
Slack : 9.594
TNS   : 0.000

Type  : Fast 1200mV 0C Model Minimum Pulse Width 'u0|altpll_0|sd1|pll7|clk[0]'
Slack : 99999.773
TNS   : 0.000

------------------------------------------------------------
